ByteCode ::top, 6 instructions, 11 bytes, 4 literals, 0 variables
  Literals:
    0: "proc"
    1: "f"
    2: ""
    3: "global x; set x 1"
  Instructions:
    (0) push1 0	# "proc"
    (2) push1 1	# "f"
    (4) push1 2	# ""
    (6) push1 3	# "global x; set x 1"
    (8) invokeStk1 4	# proc
    (10) done

ByteCode ::f, 11 instructions, 27 bytes, 4 literals, 1 variables
  Literals:
    0: "::"
    1: "x"
    2: ""
    3: "1"
  Local variables:
    %v0: "x"
  Instructions:
    (0) push1 0	# "::"
    (2) push1 1	# "x"
    (4) nsupvar %v0	# var "x"
    (9) pop
    (10) nop
    (11) nop
    (12) nop
    (13) startCommand +13 1	# next cmd at pc 26, 1 cmds start here
    (22) push1 3	# "1"
    (24) storeScalar1 %v0	# var "x"
    (26) done
