ByteCode ::top, 9 instructions, 22 bytes, 4 literals, 0 variables
  Literals:
    0: "x"
    1: "1"
    2: "puts"
    3: "hello"
  Instructions:
    (0) push1 0	# "x"
    (2) push1 1	# "1"
    (4) storeStk
    (5) pop
    (6) startCommand +15 1	# next cmd at pc 21, 1 cmds start here
    (15) push1 2	# "puts"
    (17) push1 3	# "hello"
    (19) invokeStk1 2	# puts
    (21) done
