as3: mapped 13 object(s); 27 unmapped
  unmapped: profile:/Common/my_http_profile
  unmapped: profile:/Common/my_tcp_profile
  unmapped: profile:/Common/my_clientssl
  unmapped: profile:/Common/my_serverssl
  unmapped: profile:/Common/my_oneconnect
  unmapped: data-group:/Common/allowed_hosts
  unmapped: data-group:/Common/blocked_ips
  unmapped: data-group:/Common/uri_redirect_map
  unmapped: data-group:/Common/unused_datagroup
  unmapped: persistence:/Common/my_cookie_persist
  unmapped: persistence:/Common/my_source_persist
  unmapped: snatpool:/Common/my_snatpool
  unmapped: node:/Common/web1
  unmapped: node:/Common/web2
  unmapped: node:/Common/web3
  unmapped: generic:ltm::data-group internal::/Common/allowed_hosts
  unmapped: generic:ltm::data-group internal::/Common/blocked_ips
  unmapped: generic:ltm::data-group internal::/Common/uri_redirect_map
  unmapped: generic:ltm::data-group internal::/Common/unused_datagroup
  unmapped: generic:ltm::monitor http::/Common/my_http_monitor
  unmapped: generic:ltm::persistence cookie::/Common/my_cookie_persist
  unmapped: generic:ltm::persistence source-addr::/Common/my_source_persist
  unmapped: generic:ltm::profile http::/Common/my_http_profile
  unmapped: generic:ltm::profile tcp::/Common/my_tcp_profile
  unmapped: generic:ltm::profile client-ssl::/Common/my_clientssl
  unmapped: generic:ltm::profile server-ssl::/Common/my_serverssl
  unmapped: generic:ltm::profile one-connect::/Common/my_oneconnect
