{
  "bundles": [
    {
      "rule": {
        "fullPath": "/Common/route_by_host",
        "name": "route_by_host",
        "source": "when HTTP_REQUEST {\n        if { [class match [HTTP::host] equals allowed_hosts] } {\n            switch -glob [HTTP::uri] {\n                \"/api/*\" {\n                    pool /Common/api_pool\n                }\n                default {\n                    pool /Common/web_pool\n                }\n            }\n        } else {\n            reject\n        }\n    }"
      },
      "pools": [
        {
          "fullPath": "/Common/api_pool",
          "monitor": "/Common/my_http_monitor",
          "loadBalancingMode": "least-connections-member",
          "members": [
            {
              "name": "/Common/web2:8080",
              "address": "10.0.1.11",
              "port": null,
              "monitor": null
            },
            {
              "name": "/Common/web3:8080",
              "address": "10.0.1.12",
              "port": null,
              "monitor": null
            }
          ]
        },
        {
          "fullPath": "/Common/web_pool",
          "monitor": "/Common/my_http_monitor",
          "loadBalancingMode": "round-robin",
          "members": [
            {
              "name": "/Common/web1:80",
              "address": "10.0.1.10",
              "port": null,
              "monitor": null
            },
            {
              "name": "/Common/web2:80",
              "address": "10.0.1.11",
              "port": null,
              "monitor": null
            }
          ]
        }
      ],
      "dataGroups": [
        {
          "fullPath": "/Common/allowed_hosts",
          "kind": "internal",
          "valueType": "string",
          "recordCount": 3,
          "records": [
            "www.example.com",
            "api.example.com",
            "admin.example.com"
          ]
        }
      ],
      "persistence": [],
      "snatPools": [],
      "profiles": [],
      "monitors": [],
      "nodes": [],
      "rules": [],
      "unresolved": {},
      "sourceSlices": {
        "/Common/route_by_host": "ltm rule /Common/route_by_host {\n    when HTTP_REQUEST {\n        if { [class match [HTTP::host] equals allowed_hosts] } {\n            switch -glob [HTTP::uri] {\n                \"/api/*\" {\n                    pool /Common/api_pool\n                }\n                default {\n                    pool /Common/web_pool\n                }\n            }\n        } else {\n            reject\n        }\n    }\n}\n",
        "/Common/allowed_hosts": "ltm data-group internal /Common/allowed_hosts {\n    records {\n        www.example.com { }\n        api.example.com { }\n        admin.example.com { }\n    }\n    type string\n}\n",
        "/Common/api_pool": "ltm pool /Common/api_pool {\n    members {\n        /Common/web2:8080 {\n            address 10.0.1.11\n        }\n        /Common/web3:8080 {\n            address 10.0.1.12\n        }\n    }\n    monitor /Common/my_http_monitor\n    load-balancing-mode least-connections-member\n}\n",
        "/Common/web_pool": "ltm pool /Common/web_pool {\n    members {\n        /Common/web1:80 {\n            address 10.0.1.10\n        }\n        /Common/web2:80 {\n            address 10.0.1.11\n        }\n    }\n    monitor /Common/my_http_monitor\n    load-balancing-mode round-robin\n}\n"
      }
    },
    {
      "rule": {
        "fullPath": "/Common/ip_blocklist",
        "name": "ip_blocklist",
        "source": "when CLIENT_ACCEPTED {\n        if { [class match [IP::remote_addr] equals blocked_ips] } {\n            drop\n        }\n    }"
      },
      "pools": [],
      "dataGroups": [
        {
          "fullPath": "/Common/blocked_ips",
          "kind": "internal",
          "valueType": "ip",
          "recordCount": 3,
          "records": [
            "10.0.0.0/8",
            "172.16.0.0/12",
            "192.168.0.0/16"
          ]
        }
      ],
      "persistence": [],
      "snatPools": [],
      "profiles": [],
      "monitors": [],
      "nodes": [],
      "rules": [],
      "unresolved": {},
      "sourceSlices": {
        "/Common/ip_blocklist": "ltm rule /Common/ip_blocklist {\n    when CLIENT_ACCEPTED {\n        if { [class match [IP::remote_addr] equals blocked_ips] } {\n            drop\n        }\n    }\n}\n",
        "/Common/blocked_ips": "ltm data-group internal /Common/blocked_ips {\n    records {\n        10.0.0.0/8 {\n            data \"RFC1918\"\n        }\n        172.16.0.0/12 {\n            data \"RFC1918\"\n        }\n        192.168.0.0/16 {\n            data \"RFC1918\"\n        }\n    }\n    type ip\n}\n"
      }
    },
    {
      "rule": {
        "fullPath": "/Common/uri_rewrite",
        "name": "uri_rewrite",
        "source": "when HTTP_REQUEST priority 100 {\n        set redirect_target [class lookup [HTTP::uri] uri_redirect_map]\n        if { $redirect_target ne \"\" } {\n            HTTP::redirect \"https://[HTTP::host]$redirect_target\"\n        }\n    }"
      },
      "pools": [],
      "dataGroups": [
        {
          "fullPath": "/Common/uri_redirect_map",
          "kind": "internal",
          "valueType": "string",
          "recordCount": 2,
          "records": [
            "/old-path",
            "/legacy"
          ]
        }
      ],
      "persistence": [],
      "snatPools": [],
      "profiles": [],
      "monitors": [],
      "nodes": [],
      "rules": [],
      "unresolved": {},
      "sourceSlices": {
        "/Common/uri_rewrite": "ltm rule /Common/uri_rewrite {\n    when HTTP_REQUEST priority 100 {\n        set redirect_target [class lookup [HTTP::uri] uri_redirect_map]\n        if { $redirect_target ne \"\" } {\n            HTTP::redirect \"https://[HTTP::host]$redirect_target\"\n        }\n    }\n}\n",
        "/Common/uri_redirect_map": "ltm data-group internal /Common/uri_redirect_map {\n    records {\n        /old-path {\n            data \"/new-path\"\n        }\n        /legacy {\n            data \"/modern\"\n        }\n    }\n    type string\n}\n"
      }
    },
    {
      "rule": {
        "fullPath": "/Common/ssl_info",
        "name": "ssl_info",
        "source": "when CLIENTSSL_HANDSHAKE {\n        log local0. \"Client SSL: [SSL::cipher name] [SSL::cipher version]\"\n    }"
      },
      "pools": [],
      "dataGroups": [],
      "persistence": [],
      "snatPools": [],
      "profiles": [],
      "monitors": [],
      "nodes": [],
      "rules": [],
      "unresolved": {},
      "sourceSlices": {
        "/Common/ssl_info": "ltm rule /Common/ssl_info {\n    when CLIENTSSL_HANDSHAKE {\n        log local0. \"Client SSL: [SSL::cipher name] [SSL::cipher version]\"\n    }\n}\n"
      }
    },
    {
      "rule": {
        "fullPath": "/Common/bad_references",
        "name": "bad_references",
        "source": "when HTTP_REQUEST {\n        # This references a data-group that does not exist\n        if { [class match [HTTP::host] equals nonexistent_datagroup] } {\n            drop\n        }\n        # This references a pool that does not exist\n        pool /Common/missing_pool\n        # This references a SNAT pool that does not exist\n        snatpool /Common/missing_snatpool\n    }"
      },
      "pools": [],
      "dataGroups": [],
      "persistence": [],
      "snatPools": [],
      "profiles": [],
      "monitors": [],
      "nodes": [],
      "rules": [],
      "unresolved": {
        "data-group": [
          "nonexistent_datagroup"
        ],
        "pool": [
          "/Common/missing_pool"
        ],
        "snat-pool": [
          "/Common/missing_snatpool"
        ]
      },
      "sourceSlices": {
        "/Common/bad_references": "ltm rule /Common/bad_references {\n    when HTTP_REQUEST {\n        # This references a data-group that does not exist\n        if { [class match [HTTP::host] equals nonexistent_datagroup] } {\n            drop\n        }\n        # This references a pool that does not exist\n        pool /Common/missing_pool\n        # This references a SNAT pool that does not exist\n        snatpool /Common/missing_snatpool\n    }\n}\n"
      }
    }
  ]
}
