{
  "summary": {
    "total": 2,
    "bySeverity": {
      "error": 0,
      "warning": 2,
      "info": 0
    }
  },
  "findings": [
    {
      "ruleId": "irule-missing-pool",
      "severity": "warning",
      "category": "irule",
      "fullPath": "/Common/ref_rule",
      "message": "iRule references pool '/Common/ghost_pool' (via `pool`) but no such object exists"
    },
    {
      "ruleId": "irule-missing-node",
      "severity": "warning",
      "category": "irule",
      "fullPath": "/Common/ref_rule",
      "message": "iRule references node '/Common/ghost_node' (via `node`) but no such object exists"
    }
  ]
}
