event HTTP_REQUEST: 2 matching rule(s)
  /Common/route_by_host — 7 command(s)
    if
    switch
    "/api/*"
    pool
    default
    pool
    reject
    ✓ data-group: /Common/allowed_hosts
    ✓ pool: /Common/api_pool
    ✓ pool: /Common/web_pool
  /Common/bad_references — 4 command(s)
    if
    drop
    pool
    snatpool
    ✗ data-group: nonexistent_datagroup
    ✗ pool: /Common/missing_pool
    ✗ snat-pool: /Common/missing_snatpool
