{
  "event": "HTTP_REQUEST",
  "traces": [
    {
      "rule": "/Common/full_ctx_rule",
      "commandCount": 8,
      "commands": [
        "pool",
        "persist",
        "snatpool",
        "SSL::profile",
        "if",
        "node",
        "pool",
        "persist"
      ],
      "references": [
        {
          "kind": "pool",
          "name": "/Common/web_pool",
          "command": "pool",
          "resolved": true,
          "resolvedPath": "/Common/web_pool"
        },
        {
          "kind": "persistence",
          "name": "/Common/src_persist",
          "command": "persist",
          "resolved": true,
          "resolvedPath": "/Common/src_persist"
        },
        {
          "kind": "snat-pool",
          "name": "/Common/my_snatpool",
          "command": "snatpool",
          "resolved": true,
          "resolvedPath": "/Common/my_snatpool"
        },
        {
          "kind": "profile",
          "name": "/Common/clientssl_profile",
          "command": "SSL::profile",
          "resolved": true,
          "resolvedPath": "/Common/clientssl_profile"
        },
        {
          "kind": "data-group",
          "name": "host_dg",
          "command": "class",
          "resolved": true,
          "resolvedPath": "/Common/host_dg"
        },
        {
          "kind": "node",
          "name": "/Common/n1",
          "command": "node",
          "resolved": true,
          "resolvedPath": "/Common/n1"
        },
        {
          "kind": "pool",
          "name": "/Common/ghost_pool",
          "command": "pool",
          "resolved": false,
          "resolvedPath": null
        },
        {
          "kind": "persistence",
          "name": "/Common/ghost_persist",
          "command": "persist",
          "resolved": false,
          "resolvedPath": null
        }
      ]
    }
  ]
}
