legacy:
  type=1 version=0 length=22 fields=0
  type=1 version=0 length=35 fields=0
  type=2 version=0 length=8 fields=0
  type=2 version=0 length=21 fields=0
  type=2 version=0 length=29 fields=0
  type=3 version=0 length=42 fields=2
  type=7 version=0 length=50 fields=3
dpt:
  provider=1 type=1 version=1 fields=0
  provider=1 type=1 version=2 fields=0
  provider=1 type=1 version=3 fields=0
  provider=1 type=1 version=4 fields=0
  provider=1 type=2 version=1 fields=0
  provider=1 type=2 version=4 fields=0
  provider=1 type=3 version=1 fields=2
  provider=4 type=0 version=0 fields=0
  provider=4 type=0 version=1 fields=0
  provider=4 type=1 version=0 fields=0
  provider=4 type=1 version=1 fields=0
  provider=4 type=2 version=0 fields=0
  provider=4 type=2 version=1 fields=0
  provider=4 type=3 version=0 fields=0
  provider=4 type=3 version=1 fields=0
  provider=5 type=1 version=0 fields=0
  provider=5 type=1 version=1 fields=0
  provider=9 type=2 version=1 fields=1
