--- __FIXTURES__/bigip.conf
+++ __FIXTURES__/bigip.conf (modified)
@@ -73,7 +73,7 @@
             address 10.0.1.11
         }
     }
-    monitor /Common/my_http_monitor
+    monitor /Common/tcp
     load-balancing-mode round-robin
 }
 
@@ -86,12 +86,12 @@
             address 10.0.1.12
         }
     }
-    monitor /Common/my_http_monitor
+    monitor /Common/tcp
     load-balancing-mode least-connections-member
 }
 
 ltm pool /Common/empty_pool {
-    monitor /Common/my_http_monitor
+    monitor /Common/tcp
 }
 
 ltm snatpool /Common/my_snatpool {
