--- __FIXTURES__/bigip.conf
+++ __FIXTURES__/bigip.conf (modified)
@@ -230,9 +230,7 @@
         /Common/my_tcp_profile { }
         /Common/my_clientssl { }
     }
-    rules {
-        /Common/route_by_host
-    }
+    rules { /Common/route_by_host /Common/ssl_info }
 }
 
 ltm virtual /Common/ssl_only_vs {
