--- __FIXTURES__/bigip.conf
+++ __FIXTURES__/bigip.conf (modified)
@@ -64,7 +64,7 @@
     recv "200 OK"
 }
 
-ltm pool /Common/web_pool {
+ltm pool /Common/web_pool_renamed {
     members {
         /Common/web1:80 {
             address 10.0.1.10
@@ -143,7 +143,7 @@
                     pool /Common/api_pool
                 }
                 default {
-                    pool /Common/web_pool
+                    pool /Common/web_pool_renamed
                 }
             }
         } else {
@@ -190,7 +190,7 @@
 
 ltm virtual /Common/www_vs {
     destination /Common/10.0.0.1:443
-    pool /Common/web_pool
+    pool /Common/web_pool_renamed
     profiles {
         /Common/my_http_profile {
             context all
@@ -237,7 +237,7 @@
 
 ltm virtual /Common/ssl_only_vs {
     destination /Common/10.0.0.3:443
-    pool /Common/web_pool
+    pool /Common/web_pool_renamed
     profiles {
         /Common/my_tcp_profile { }
         /Common/my_clientssl { }
