--- __FIXTURES__/bigip.conf
+++ __FIXTURES__/bigip.conf (modified)
@@ -64,7 +64,7 @@
     recv "200 OK"
 }
 
-ltm pool /Common/web_pool {
+ltm pool /Tenant_A/web_pool {
     members {
         /Common/web1:80 {
             address 10.0.1.10
@@ -77,7 +77,7 @@
     load-balancing-mode round-robin
 }
 
-ltm pool /Common/api_pool {
+ltm pool /Tenant_A/api_pool {
     members {
         /Common/web2:8080 {
             address 10.0.1.11
@@ -90,7 +90,7 @@
     load-balancing-mode least-connections-member
 }
 
-ltm pool /Common/empty_pool {
+ltm pool /Tenant_A/empty_pool {
     monitor /Common/my_http_monitor
 }
 
@@ -140,10 +140,10 @@
         if { [class match [HTTP::host] equals allowed_hosts] } {
             switch -glob [HTTP::uri] {
                 "/api/*" {
-                    pool /Common/api_pool
+                    pool /Tenant_A/api_pool
                 }
                 default {
-                    pool /Common/web_pool
+                    pool /Tenant_A/web_pool
                 }
             }
         } else {
@@ -190,7 +190,7 @@
 
 ltm virtual /Common/www_vs {
     destination /Common/10.0.0.1:443
-    pool /Common/web_pool
+    pool /Tenant_A/web_pool
     profiles {
         /Common/my_http_profile {
             context all
@@ -224,7 +224,7 @@
 
 ltm virtual /Common/api_vs {
     destination /Common/10.0.0.2:443
-    pool /Common/api_pool
+    pool /Tenant_A/api_pool
     profiles {
         /Common/my_http_profile { }
         /Common/my_tcp_profile { }
@@ -237,7 +237,7 @@
 
 ltm virtual /Common/ssl_only_vs {
     destination /Common/10.0.0.3:443
-    pool /Common/web_pool
+    pool /Tenant_A/web_pool
     profiles {
         /Common/my_tcp_profile { }
         /Common/my_clientssl { }
