{
  "summary": {
    "total": 4,
    "bySeverity": {
      "error": 0,
      "warning": 4,
      "info": 0
    }
  },
  "findings": [
    {
      "ruleId": "empty-pool",
      "severity": "warning",
      "category": "config",
      "fullPath": "/Common/empty_pool",
      "message": "pool has no members"
    },
    {
      "ruleId": "irule-missing-data-group",
      "severity": "warning",
      "category": "irule",
      "fullPath": "/Common/bad_references",
      "message": "iRule references data-group 'nonexistent_datagroup' (via `class`) but no such object exists"
    },
    {
      "ruleId": "irule-missing-pool",
      "severity": "warning",
      "category": "irule",
      "fullPath": "/Common/bad_references",
      "message": "iRule references pool '/Common/missing_pool' (via `pool`) but no such object exists"
    },
    {
      "ruleId": "irule-missing-snat-pool",
      "severity": "warning",
      "category": "irule",
      "fullPath": "/Common/bad_references",
      "message": "iRule references snat-pool '/Common/missing_snatpool' (via `snatpool`) but no such object exists"
    }
  ]
}
