{
  "summary": {
    "total": 12,
    "bySeverity": {
      "error": 0,
      "warning": 9,
      "info": 3
    }
  },
  "findings": [
    {
      "ruleId": "orphan-monitor",
      "severity": "info",
      "category": "config",
      "fullPath": "/Common/factory_mon",
      "message": "monitor not referenced by any pool in this config"
    },
    {
      "ruleId": "orphan-monitor",
      "severity": "warning",
      "category": "config",
      "fullPath": "/Partition2/orphan_mon",
      "message": "monitor not referenced by any pool"
    },
    {
      "ruleId": "empty-pool",
      "severity": "warning",
      "category": "config",
      "fullPath": "/Common/empty_pool",
      "message": "pool has no members"
    },
    {
      "ruleId": "virtual-without-pool",
      "severity": "info",
      "category": "config",
      "fullPath": "/Common/vs_no_pool",
      "message": "virtual has no default pool and no iRules attached"
    },
    {
      "ruleId": "pool-without-monitor",
      "severity": "warning",
      "category": "config",
      "fullPath": "/Common/no_monitor_pool",
      "message": "pool has no health monitor (pool-level or per-member)"
    },
    {
      "ruleId": "irule-deprecated-command",
      "severity": "warning",
      "category": "irule",
      "fullPath": "/Common/deprecated_rule",
      "message": "X509::extensions is deprecated; use X509::extensions_count + X509::extensions_get"
    },
    {
      "ruleId": "irule-deprecated-command",
      "severity": "warning",
      "category": "irule",
      "fullPath": "/Common/deprecated_rule",
      "message": "use 'log local0.<facility> ...' (no underscore form)"
    },
    {
      "ruleId": "irule-empty-when",
      "severity": "info",
      "category": "irule",
      "fullPath": "/Common/empty_when_rule",
      "message": "iRule contains a `when` block with no statements"
    },
    {
      "ruleId": "irule-unknown-event",
      "severity": "warning",
      "category": "irule",
      "fullPath": "/Common/unknown_event_rule",
      "message": "iRule references unknown event 'TOTALLY_FAKE_EVENT'"
    },
    {
      "ruleId": "irule-missing-data-group",
      "severity": "warning",
      "category": "irule",
      "fullPath": "/Common/bad_references",
      "message": "iRule references data-group 'nonexistent_datagroup' (via `class`) but no such object exists"
    },
    {
      "ruleId": "irule-missing-pool",
      "severity": "warning",
      "category": "irule",
      "fullPath": "/Common/bad_references",
      "message": "iRule references pool '/Common/missing_pool' (via `pool`) but no such object exists"
    },
    {
      "ruleId": "irule-missing-snat-pool",
      "severity": "warning",
      "category": "irule",
      "fullPath": "/Common/bad_references",
      "message": "iRule references snat-pool '/Common/missing_snatpool' (via `snatpool`) but no such object exists"
    }
  ]
}
