dataflow: taintWarnings=5 taintedVars=1 pure=3 impure=1
taint warnings:
  T100 line 20: Tainted variable $userinput flows into eval; possible code injection
  T102 line 21: Tainted variable $userinput in option position of 'file delete' without '--' terminator; risk of option injection
  T103 line 22: Tainted variable $userinput in regexp pattern position (regexp); risk of regex injection or ReDoS
  T102 line 22: Tainted variable $userinput in option position of 'regexp' without '--' terminator; risk of option injection
  W313 line 21: file delete with a variable path ($userinput) risks path-traversal. Normalise with [file normalize] and verify it stays within the intended directory.
