{
  "taint_warnings": [
    {
      "code": "T100",
      "line": 23,
      "message": "Tainted variable $userinput flows into eval; possible code injection",
      "variable": "userinput",
      "sink_command": "eval"
    },
    {
      "code": "T102",
      "line": 24,
      "message": "Tainted variable $userinput in option position of 'file delete' without '--' terminator; risk of option injection",
      "variable": "userinput",
      "sink_command": "file delete"
    },
    {
      "code": "T103",
      "line": 25,
      "message": "Tainted variable $userinput in regexp pattern position (regexp); risk of regex injection or ReDoS",
      "variable": "userinput",
      "sink_command": "regexp"
    },
    {
      "code": "T102",
      "line": 25,
      "message": "Tainted variable $userinput in option position of 'regexp' without '--' terminator; risk of option injection",
      "variable": "userinput",
      "sink_command": "regexp"
    },
    {
      "code": "W313",
      "line": 24,
      "message": "file delete with a variable path ($userinput) risks path-traversal. Normalise with [file normalize] and verify it stays within the intended directory.",
      "variable": "userinput",
      "sink_command": "file delete"
    }
  ],
  "tainted_variables": [
    {
      "scope": "<top-level>",
      "variable": "userinput"
    }
  ],
  "proc_effects": [
    {
      "name": "::add",
      "pure": true,
      "reads": "NONE",
      "writes": "NONE",
      "has_barrier": false
    },
    {
      "name": "::geom::area",
      "pure": true,
      "reads": "NONE",
      "writes": "NONE",
      "has_barrier": false
    },
    {
      "name": "::report",
      "pure": false,
      "reads": "NONE",
      "writes": "NONE",
      "has_barrier": false
    },
    {
      "name": "::save",
      "pure": false,
      "reads": "NONE",
      "writes": "NONE",
      "has_barrier": false
    },
    {
      "name": "::scale",
      "pure": true,
      "reads": "NONE",
      "writes": "NONE",
      "has_barrier": false
    }
  ],
  "summary": {
    "total_taint_warnings": 5,
    "tainted_variable_count": 1,
    "pure_proc_count": 3,
    "impure_proc_count": 2
  }
}
