=== ir diff ===
--- ir:diff-ir-left.tcl
+++ ir:diff-ir-right.tcl
@@ -6,24 +6,25 @@
           "colorClass": "ir-return",
           "kind": "IRReturn",
           "range": {
-            "endCol": 27,
+            "endCol": 32,
             "endLine": 1,
-            "endOffset": 45,
+            "endOffset": 52,
             "startCol": 4,
             "startLine": 1,
-            "startOffset": 22
+            "startOffset": 24
           },
-          "summary": "return [expr {$w * $h}]"
+          "summary": "return [expr {$w * $h * $d}]"
         }
       ],
       "params": [
         "w",
-        "h"
+        "h",
+        "d"
       ],
       "range": {
         "endCol": 1,
         "endLine": 2,
-        "endOffset": 47,
+        "endOffset": 54,
         "startCol": 0,
         "startLine": 0,
         "startOffset": 0
@@ -37,12 +38,12 @@
       "range": {
         "endCol": 1,
         "endLine": 2,
-        "endOffset": 47,
+        "endOffset": 54,
         "startCol": 0,
         "startLine": 0,
         "startOffset": 0
       },
-      "summary": "call proc area w h \\n    return [exp..."
+      "summary": "call proc area w h d \\n    return [exp..."
     },
     {
       "children": [
@@ -54,10 +55,10 @@
               "range": {
                 "endCol": 12,
                 "endLine": 3,
-                "endOffset": 60,
+                "endOffset": 67,
                 "startCol": 5,
                 "startLine": 3,
-                "startOffset": 53
+                "startOffset": 60
               },
               "summary": "assign-const i = 0"
             }
@@ -66,22 +67,22 @@
           "range": {
             "endCol": 13,
             "endLine": 3,
-            "endOffset": 61,
+            "endOffset": 68,
             "startCol": 4,
             "startLine": 3,
-            "startOffset": 52
+            "startOffset": 59
           }
         },
         {
           "body": [],
-          "label": "condition: $i < 3",
+          "label": "condition: $i < 5",
           "range": {
             "endCol": 22,
             "endLine": 3,
-            "endOffset": 70,
+            "endOffset": 77,
             "startCol": 14,
             "startLine": 3,
-            "startOffset": 62
+            "startOffset": 69
           }
         },
         {
@@ -92,10 +93,10 @@
               "range": {
                 "endCol": 30,
                 "endLine": 3,
-                "endOffset": 78,
+                "endOffset": 85,
                 "startCol": 24,
                 "startLine": 3,
-                "startOffset": 72
+                "startOffset": 79
               },
               "summary": "incr i"
             }
@@ -104,10 +105,10 @@
           "range": {
             "endCol": 31,
             "endLine": 3,
-            "endOffset": 79,
+            "endOffset": 86,
             "startCol": 23,
             "startLine": 3,
-            "startOffset": 71
+            "startOffset": 78
           }
         },
         {
@@ -116,24 +117,24 @@
               "colorClass": "ir-call",
               "kind": "IRCall",
               "range": {
-                "endCol": 11,
+                "endCol": 17,
                 "endLine": 4,
-                "endOffset": 93,
+                "endOffset": 106,
                 "startCol": 4,
                 "startLine": 4,
-                "startOffset": 86
+                "startOffset": 93
               },
-              "summary": "call puts ${i}"
+              "summary": "call puts row ${i}"
             }
           ],
           "label": "body",
           "range": {
             "endCol": 1,
             "endLine": 5,
-            "endOffset": 95,
+            "endOffset": 108,
             "startCol": 32,
             "startLine": 3,
-            "startOffset": 80
+            "startOffset": 87
           }
         }
       ],
@@ -142,12 +143,12 @@
       "range": {
         "endCol": 1,
         "endLine": 5,
-        "endOffset": 95,
+        "endOffset": 108,
         "startCol": 0,
         "startLine": 3,
-        "startOffset": 48
+        "startOffset": 55
       },
-      "summary": "for ($i < 3)"
+      "summary": "for ($i < 5)"
     }
   ]
 }
