{
  "count": 2,
  "dialect": "tcl8.6",
  "issues": [
    {
      "code": "W100",
      "line": 2,
      "column": 21,
      "message": "Expression is not braced: may cause double substitution and prevents byte-compilation. Use expr {...} instead.",
      "conversion": "Unbraced expr -> braced expr"
    },
    {
      "code": "W110",
      "line": 3,
      "column": 16,
      "message": "Use 'eq' instead of '==' for string comparison in expressions to avoid ambiguous numeric/string coercion.",
      "conversion": "== / != for strings -> eq / ne"
    }
  ]
}
