{
  "scopes": [
    {
      "kind": "global",
      "name": "::",
      "procs": [
        {
          "name": "main",
          "qualified_name": "::main",
          "params": [],
          "line": 17,
          "ref_count": 0
        }
      ],
      "variables": [
        {
          "name": "first",
          "line": 24,
          "references": [
            {
              "line": 25,
              "character": 9
            },
            {
              "line": 25,
              "character": 9
            }
          ]
        },
        {
          "name": "second",
          "line": 24,
          "references": []
        },
        {
          "name": "third",
          "line": 24,
          "references": []
        },
        {
          "name": "dkey",
          "line": 27,
          "references": [
            {
              "line": 28,
              "character": 9
            },
            {
              "line": 28,
              "character": 9
            }
          ]
        },
        {
          "name": "dval",
          "line": 27,
          "references": []
        }
      ],
      "children": [
        {
          "kind": "namespace",
          "name": "::app",
          "procs": [
            {
              "name": "greet",
              "qualified_name": "::app::greet",
              "params": [
                "who",
                "greeting"
              ],
              "line": 5,
              "ref_count": 1
            }
          ],
          "variables": [
            {
              "name": "count",
              "line": 2,
              "references": []
            },
            {
              "name": "name",
              "line": 3,
              "references": []
            }
          ],
          "children": [
            {
              "kind": "proc",
              "name": "greet",
              "variables": [
                {
                  "name": "who",
                  "line": 5,
                  "references": [
                    {
                      "line": 6,
                      "character": 28
                    }
                  ]
                },
                {
                  "name": "greeting",
                  "line": 5,
                  "references": [
                    {
                      "line": 6,
                      "character": 17
                    }
                  ]
                },
                {
                  "name": "msg",
                  "line": 6,
                  "references": [
                    {
                      "line": 7,
                      "character": 15
                    }
                  ]
                }
              ],
              "children": []
            },
            {
              "kind": "namespace",
              "name": "::app::util",
              "procs": [
                {
                  "name": "clamp",
                  "qualified_name": "::app::util::clamp",
                  "params": [
                    "value",
                    "lo",
                    "hi"
                  ],
                  "line": 11,
                  "ref_count": 0
                }
              ],
              "children": [
                {
                  "kind": "proc",
                  "name": "clamp",
                  "variables": [
                    {
                      "name": "value",
                      "line": 11,
                      "references": [
                        {
                          "line": 12,
                          "character": 19
                        }
                      ]
                    },
                    {
                      "name": "lo",
                      "line": 11,
                      "references": []
                    },
                    {
                      "name": "hi",
                      "line": 11,
                      "references": []
                    }
                  ],
                  "children": []
                }
              ]
            }
          ]
        }
      ]
    }
  ],
  "proc_references": {
    "::app::greet": [
      {
        "line": 19,
        "character": 4
      }
    ]
  },
  "package_requires": [],
  "summary": {
    "total_procs": 4,
    "total_variables": 14,
    "total_namespaces": 2
  }
}
