symbols: 15
event HTTP_REQUEST (line 32)
event HTTP_RESPONSE (line 35)
function main() (line 18)
variable first (line 25)
variable second (line 25)
variable third (line 25)
variable dkey (line 28)
variable dval (line 28)
namespace ::app (line 2)
  function greet(who, greeting) (line 6)
  variable count (line 3)
  variable name (line 4)
  namespace ::app::util (line 11)
    function clamp(value, lo, hi) (line 12)
  function helper(x) (line 19)
