explain-flow: pcap-remap-sample.pcap
  sessions: 7 | matched: 0 | tshark: no

[session 1] tcp
  front: 93.184.216.34:12345 <-> 8.8.8.8:80 (tcp) | client→ 1 pkt | HTTP GET /
  (no virtual server matched this destination)
  termination: no termination observed in capture

[session 2] udp
  front: 1.1.1.1:53 <-> 93.184.216.34:4444 (udp) | client→ 1 pkt
  (no virtual server matched this destination)
  termination: no termination observed in capture

[session 3] icmp
  front: 8.8.8.8:0 <-> 1.1.1.1:0 (icmp) | client→ 1 pkt
  (no virtual server matched this destination)
  termination: no termination observed in capture

[session 4] tcp
  front: 93.184.216.34:443 <-> 1.1.1.1:55555 (tcp) | client→ 1 pkt
  (no virtual server matched this destination)
  termination: no termination observed in capture

[session 5] tcp
  front: 2606:2800:220:1:248:1893:25c8:1946:8443 <-> 2606:2800:220:1::99:33333 (tcp) | client→ 1 pkt
  (no virtual server matched this destination)
  termination: no termination observed in capture

[session 6] tcp
  front: 192.168.0.5:22 <-> 192.168.0.5:60000 (tcp) | client→ 1 pkt
  (no virtual server matched this destination)
  termination: no termination observed in capture

[session 7] tcp
  front: 93.184.216.34:80 <-> 8.8.8.8:40000 (tcp) | client→ 1 pkt
  (no virtual server matched this destination)
  termination: no termination observed in capture
