explain-flow: explain-flow-matched.pcap
  sessions: 1 | matched: 1 | tshark: no

[session 1] tcp
  front: 203.0.113.5:51000 <-> 198.51.100.10:443 (tcp) | client→ 3 pkt, server→ 1 pkt | SNI=vs.example.com | TLS=TLS1.2 | HTTP GET /login
  back:  192.0.2.1:30000 <-> 192.0.2.20:80 (tcp) | client→ 1 pkt, server→ 1 pkt
  matched virtual: /Common/vs_https
  pool member chosen (observed): 192.0.2.20:80
  SNAT applied (observed): 192.0.2.1:30000
  profiles (in attach order):
    - /Common/clientssl (client_ssl)
    - /Common/http (http)
    - /Common/tcp (tcp)
  captured request:
    request line: GET /login HTTP/1.1
    host: vs.example.com
    user-agent: curl/8.0
    tls: SNI=vs.example.com version=TLS1.2
  termination: no termination observed in capture
  resolved plan:
    explain virtual: /Common/vs_https
    
      destination:
        /Common/198.51.100.10:443
    
      profiles:
        /Common/clientssl (client_ssl)
        /Common/http (http)
        /Common/tcp (tcp)
    
      iRules:
        (none)
    
      persistence:
        (none)
    
      SNAT:
        (none)
    
      default pool:
        /Common/pool_web (round-robin)
          pool monitor: /Common/http
          member /Common/192.0.2.20:80 addr=192.0.2.20
