explain-flow: explain-flow-matched.pcap
  sessions: 1 | matched: 1 | tshark: no

[session 1] tcp
  front: 203.0.113.5:51000 <-> 198.51.100.10:443 (tcp) | client→ 3 pkt, server→ 1 pkt | SNI=vs.example.com | TLS=TLS1.2 | HTTP GET /login
  back:  192.0.2.1:30000 <-> 192.0.2.20:80 (tcp) | client→ 1 pkt, server→ 1 pkt
  matched virtual: /Common/vs_https
  pool member chosen (observed): 192.0.2.20:80
  SNAT applied (observed): 192.0.2.1:30000
  profiles (in attach order):
    - /Common/clientssl (unresolved)
    - /Common/http (unresolved)
    - /Common/tcp (unresolved)
  expected iRule event firing order:
    -> /Common/rule_rich::CLIENT_ACCEPTED
    -> /Common/rule_rich::CLIENTSSL_CLIENTHELLO
    -> /Common/rule_rich::HTTP_REQUEST
    -> /Common/rule_rich::LB_SELECTED
    -> /Common/rule_rich::MY_CUSTOM_EVENT
  iRule event bodies (path through):
    --- /Common/rule_rich :: when CLIENT_ACCEPTED ---
      
          log local0. "accepted [IP::client_addr]:[TCP::client_port] -> [IP::local_addr]:[TCP::local_port]"
    --- /Common/rule_rich :: when CLIENTSSL_CLIENTHELLO ---
      
          set sni [SSL::extensions servername]
          log local0. "sni=[SNI]"
    --- /Common/rule_rich :: when HTTP_REQUEST ---
      
          if { [HTTP::host] equals "old.example.com" } {
              HTTP::redirect "https://new.example.com[HTTP::uri]"
          }
          set ua [HTTP::header User-Agent]
          log local0. "method=[HTTP::method] path=[HTTP::path] q=[HTTP::query] v=[HTTP::version]"
    --- /Common/rule_rich :: when LB_SELECTED ---
      
          log local0. "picked [LB::server]"
    --- /Common/rule_rich :: when MY_CUSTOM_EVENT ---
      
          log local0. "custom"
  HUD-state captured for iRule commands:
    --- /Common/rule_rich :: when CLIENT_ACCEPTED ---
      [IP::client_addr] = '203.0.113.5'
          (log local0. "accepted [IP::client_addr]:[TCP::client_port] -> [IP::local_addr]:[TCP::local_port]")
    --- /Common/rule_rich :: when CLIENTSSL_CLIENTHELLO ---
      [SSL::extensions servername] = 'vs.example.com'
          (set sni [SSL::extensions servername])
      [SNI] = 'vs.example.com'
          (log local0. "sni=[SNI]")
    --- /Common/rule_rich :: when HTTP_REQUEST ---
      [HTTP::host] = 'vs.example.com'
          (if { [HTTP::host] equals "old.example.com" } {)
      [HTTP::uri] = '/login'
          (HTTP::redirect "https://new.example.com[HTTP::uri]")
      [HTTP::header User-Agent] = 'curl/8.0'
          (set ua [HTTP::header User-Agent])
      [HTTP::method] = 'GET'
          (log local0. "method=[HTTP::method] path=[HTTP::path] q=[HTTP::query] v=[HTTP::version]")
    --- /Common/rule_rich :: when LB_SELECTED ---
      [LB::server] = '192.0.2.20:80'
          (log local0. "picked [LB::server]")
  captured request:
    request line: GET /login HTTP/1.1
    host: vs.example.com
    user-agent: curl/8.0
    tls: SNI=vs.example.com version=TLS1.2
  termination: no termination observed in capture
  resolved plan:
    explain virtual: /Common/vs_https
    
      destination:
        /Common/198.51.100.10:443
    
      profiles:
        /Common/clientssl (unresolved)
        /Common/http (unresolved)
        /Common/tcp (unresolved)
    
      iRules:
        /Common/rule_rich — 26 loc; events: CLIENTSSL_CLIENTHELLO, CLIENT_ACCEPTED, CLIENT_CLOSED, HTTP_REQUEST, HTTP_RESPONSE, LB_SELECTED, MY_CUSTOM_EVENT
    
      persistence:
        (none)
    
      SNAT:
        (none)
    
      default pool:
        /Common/pool_web (round-robin)
          member /Common/192.0.2.20:80 addr=192.0.2.20
