{
  "pcap_path": "pcap-remap-sample.pcap",
  "flow_count": 7,
  "session_count": 7,
  "matched_count": 0,
  "used_tshark": false,
  "keylog_path": "",
  "tshark_filter": "",
  "sessions": [
    {
      "session": {
        "front": {
          "client": {
            "src_ip": "93.184.216.34",
            "src_port": 12345,
            "dst_ip": "8.8.8.8",
            "dst_port": 80,
            "proto": "tcp",
            "packets": 1,
            "bytes": 72,
            "tcp_syn": false,
            "tcp_synack": false,
            "tcp_fin": false,
            "tcp_rst": false,
            "tcp_rst_count": 0,
            "tcp_rst_after_bytes": 0,
            "tls_clienthello": false,
            "tls_sni": "",
            "tls_version": "",
            "tls_chosen_version": "",
            "tls_chosen_cipher": "",
            "tls_alpn": "",
            "tls_alert_seen": false,
            "tls_alert_desc": "",
            "http_method": "GET",
            "http_host": "",
            "http_uri": "/",
            "http_response_seen": false,
            "http_path": "/",
            "http_query": "",
            "http_request_version": "HTTP/1.0",
            "http_user_agent": "",
            "http_cookie": "",
            "http_referer": "",
            "http_request_content_type": "",
            "http_request_content_length": "",
            "http_request_headers": {},
            "http_response_code": "",
            "http_response_phrase": "",
            "http_response_content_type": "",
            "http_response_content_length": "",
            "http_response_headers": {},
            "tls_cert_subject": "",
            "tls_cert_issuer": "",
            "tls_supported_groups": "",
            "tls_signature_algos": "",
            "f5_reset_causes": [],
            "peer_remote_ip": "",
            "peer_remote_port": 0,
            "peer_local_ip": "",
            "peer_local_port": 0
          },
          "server": null
        },
        "back": null
      },
      "matched_vs": "",
      "partition": "",
      "profile_chain": [],
      "pool_selected": "",
      "snat_observed": "",
      "event_sequence": [],
      "event_blocks": [],
      "event_annotations": [],
      "ltm_policies": [],
      "policy_decisions": [],
      "apm_profile": "",
      "gtm_wide_ips": [],
      "explain_text": "",
      "reset_analysis": "no termination observed in capture",
      "simulated_pool": "",
      "simulated_node": "",
      "simulated_response_committed": false,
      "simulated_logs": [],
      "simulated_decisions": [],
      "simulation_error": ""
    },
    {
      "session": {
        "front": {
          "client": {
            "src_ip": "1.1.1.1",
            "src_port": 53,
            "dst_ip": "93.184.216.34",
            "dst_port": 4444,
            "proto": "udp",
            "packets": 1,
            "bytes": 49,
            "tcp_syn": false,
            "tcp_synack": false,
            "tcp_fin": false,
            "tcp_rst": false,
            "tcp_rst_count": 0,
            "tcp_rst_after_bytes": 0,
            "tls_clienthello": false,
            "tls_sni": "",
            "tls_version": "",
            "tls_chosen_version": "",
            "tls_chosen_cipher": "",
            "tls_alpn": "",
            "tls_alert_seen": false,
            "tls_alert_desc": "",
            "http_method": "",
            "http_host": "",
            "http_uri": "",
            "http_response_seen": false,
            "http_path": "",
            "http_query": "",
            "http_request_version": "",
            "http_user_agent": "",
            "http_cookie": "",
            "http_referer": "",
            "http_request_content_type": "",
            "http_request_content_length": "",
            "http_request_headers": {},
            "http_response_code": "",
            "http_response_phrase": "",
            "http_response_content_type": "",
            "http_response_content_length": "",
            "http_response_headers": {},
            "tls_cert_subject": "",
            "tls_cert_issuer": "",
            "tls_supported_groups": "",
            "tls_signature_algos": "",
            "f5_reset_causes": [],
            "peer_remote_ip": "",
            "peer_remote_port": 0,
            "peer_local_ip": "",
            "peer_local_port": 0
          },
          "server": null
        },
        "back": null
      },
      "matched_vs": "",
      "partition": "",
      "profile_chain": [],
      "pool_selected": "",
      "snat_observed": "",
      "event_sequence": [],
      "event_blocks": [],
      "event_annotations": [],
      "ltm_policies": [],
      "policy_decisions": [],
      "apm_profile": "",
      "gtm_wide_ips": [],
      "explain_text": "",
      "reset_analysis": "no termination observed in capture",
      "simulated_pool": "",
      "simulated_node": "",
      "simulated_response_committed": false,
      "simulated_logs": [],
      "simulated_decisions": [],
      "simulation_error": ""
    },
    {
      "session": {
        "front": {
          "client": {
            "src_ip": "8.8.8.8",
            "src_port": 0,
            "dst_ip": "1.1.1.1",
            "dst_port": 0,
            "proto": "icmp",
            "packets": 1,
            "bytes": 53,
            "tcp_syn": false,
            "tcp_synack": false,
            "tcp_fin": false,
            "tcp_rst": false,
            "tcp_rst_count": 0,
            "tcp_rst_after_bytes": 0,
            "tls_clienthello": false,
            "tls_sni": "",
            "tls_version": "",
            "tls_chosen_version": "",
            "tls_chosen_cipher": "",
            "tls_alpn": "",
            "tls_alert_seen": false,
            "tls_alert_desc": "",
            "http_method": "",
            "http_host": "",
            "http_uri": "",
            "http_response_seen": false,
            "http_path": "",
            "http_query": "",
            "http_request_version": "",
            "http_user_agent": "",
            "http_cookie": "",
            "http_referer": "",
            "http_request_content_type": "",
            "http_request_content_length": "",
            "http_request_headers": {},
            "http_response_code": "",
            "http_response_phrase": "",
            "http_response_content_type": "",
            "http_response_content_length": "",
            "http_response_headers": {},
            "tls_cert_subject": "",
            "tls_cert_issuer": "",
            "tls_supported_groups": "",
            "tls_signature_algos": "",
            "f5_reset_causes": [],
            "peer_remote_ip": "",
            "peer_remote_port": 0,
            "peer_local_ip": "",
            "peer_local_port": 0
          },
          "server": null
        },
        "back": null
      },
      "matched_vs": "",
      "partition": "",
      "profile_chain": [],
      "pool_selected": "",
      "snat_observed": "",
      "event_sequence": [],
      "event_blocks": [],
      "event_annotations": [],
      "ltm_policies": [],
      "policy_decisions": [],
      "apm_profile": "",
      "gtm_wide_ips": [],
      "explain_text": "",
      "reset_analysis": "no termination observed in capture",
      "simulated_pool": "",
      "simulated_node": "",
      "simulated_response_committed": false,
      "simulated_logs": [],
      "simulated_decisions": [],
      "simulation_error": ""
    },
    {
      "session": {
        "front": {
          "client": {
            "src_ip": "93.184.216.34",
            "src_port": 443,
            "dst_ip": "1.1.1.1",
            "dst_port": 55555,
            "proto": "tcp",
            "packets": 1,
            "bytes": 63,
            "tcp_syn": false,
            "tcp_synack": false,
            "tcp_fin": false,
            "tcp_rst": false,
            "tcp_rst_count": 0,
            "tcp_rst_after_bytes": 0,
            "tls_clienthello": false,
            "tls_sni": "",
            "tls_version": "",
            "tls_chosen_version": "",
            "tls_chosen_cipher": "",
            "tls_alpn": "",
            "tls_alert_seen": false,
            "tls_alert_desc": "",
            "http_method": "",
            "http_host": "",
            "http_uri": "",
            "http_response_seen": false,
            "http_path": "",
            "http_query": "",
            "http_request_version": "",
            "http_user_agent": "",
            "http_cookie": "",
            "http_referer": "",
            "http_request_content_type": "",
            "http_request_content_length": "",
            "http_request_headers": {},
            "http_response_code": "",
            "http_response_phrase": "",
            "http_response_content_type": "",
            "http_response_content_length": "",
            "http_response_headers": {},
            "tls_cert_subject": "",
            "tls_cert_issuer": "",
            "tls_supported_groups": "",
            "tls_signature_algos": "",
            "f5_reset_causes": [],
            "peer_remote_ip": "",
            "peer_remote_port": 0,
            "peer_local_ip": "",
            "peer_local_port": 0
          },
          "server": null
        },
        "back": null
      },
      "matched_vs": "",
      "partition": "",
      "profile_chain": [],
      "pool_selected": "",
      "snat_observed": "",
      "event_sequence": [],
      "event_blocks": [],
      "event_annotations": [],
      "ltm_policies": [],
      "policy_decisions": [],
      "apm_profile": "",
      "gtm_wide_ips": [],
      "explain_text": "",
      "reset_analysis": "no termination observed in capture",
      "simulated_pool": "",
      "simulated_node": "",
      "simulated_response_committed": false,
      "simulated_logs": [],
      "simulated_decisions": [],
      "simulation_error": ""
    },
    {
      "session": {
        "front": {
          "client": {
            "src_ip": "2606:2800:220:1:248:1893:25c8:1946",
            "src_port": 8443,
            "dst_ip": "2606:2800:220:1::99",
            "dst_port": 33333,
            "proto": "tcp",
            "packets": 1,
            "bytes": 79,
            "tcp_syn": false,
            "tcp_synack": false,
            "tcp_fin": false,
            "tcp_rst": false,
            "tcp_rst_count": 0,
            "tcp_rst_after_bytes": 0,
            "tls_clienthello": false,
            "tls_sni": "",
            "tls_version": "",
            "tls_chosen_version": "",
            "tls_chosen_cipher": "",
            "tls_alpn": "",
            "tls_alert_seen": false,
            "tls_alert_desc": "",
            "http_method": "",
            "http_host": "",
            "http_uri": "",
            "http_response_seen": false,
            "http_path": "",
            "http_query": "",
            "http_request_version": "",
            "http_user_agent": "",
            "http_cookie": "",
            "http_referer": "",
            "http_request_content_type": "",
            "http_request_content_length": "",
            "http_request_headers": {},
            "http_response_code": "",
            "http_response_phrase": "",
            "http_response_content_type": "",
            "http_response_content_length": "",
            "http_response_headers": {},
            "tls_cert_subject": "",
            "tls_cert_issuer": "",
            "tls_supported_groups": "",
            "tls_signature_algos": "",
            "f5_reset_causes": [],
            "peer_remote_ip": "",
            "peer_remote_port": 0,
            "peer_local_ip": "",
            "peer_local_port": 0
          },
          "server": null
        },
        "back": null
      },
      "matched_vs": "",
      "partition": "",
      "profile_chain": [],
      "pool_selected": "",
      "snat_observed": "",
      "event_sequence": [],
      "event_blocks": [],
      "event_annotations": [],
      "ltm_policies": [],
      "policy_decisions": [],
      "apm_profile": "",
      "gtm_wide_ips": [],
      "explain_text": "",
      "reset_analysis": "no termination observed in capture",
      "simulated_pool": "",
      "simulated_node": "",
      "simulated_response_committed": false,
      "simulated_logs": [],
      "simulated_decisions": [],
      "simulation_error": ""
    },
    {
      "session": {
        "front": {
          "client": {
            "src_ip": "192.168.0.5",
            "src_port": 22,
            "dst_ip": "192.168.0.5",
            "dst_port": 60000,
            "proto": "tcp",
            "packets": 1,
            "bytes": 57,
            "tcp_syn": false,
            "tcp_synack": false,
            "tcp_fin": false,
            "tcp_rst": false,
            "tcp_rst_count": 0,
            "tcp_rst_after_bytes": 0,
            "tls_clienthello": false,
            "tls_sni": "",
            "tls_version": "",
            "tls_chosen_version": "",
            "tls_chosen_cipher": "",
            "tls_alpn": "",
            "tls_alert_seen": false,
            "tls_alert_desc": "",
            "http_method": "",
            "http_host": "",
            "http_uri": "",
            "http_response_seen": false,
            "http_path": "",
            "http_query": "",
            "http_request_version": "",
            "http_user_agent": "",
            "http_cookie": "",
            "http_referer": "",
            "http_request_content_type": "",
            "http_request_content_length": "",
            "http_request_headers": {},
            "http_response_code": "",
            "http_response_phrase": "",
            "http_response_content_type": "",
            "http_response_content_length": "",
            "http_response_headers": {},
            "tls_cert_subject": "",
            "tls_cert_issuer": "",
            "tls_supported_groups": "",
            "tls_signature_algos": "",
            "f5_reset_causes": [],
            "peer_remote_ip": "",
            "peer_remote_port": 0,
            "peer_local_ip": "",
            "peer_local_port": 0
          },
          "server": null
        },
        "back": null
      },
      "matched_vs": "",
      "partition": "",
      "profile_chain": [],
      "pool_selected": "",
      "snat_observed": "",
      "event_sequence": [],
      "event_blocks": [],
      "event_annotations": [],
      "ltm_policies": [],
      "policy_decisions": [],
      "apm_profile": "",
      "gtm_wide_ips": [],
      "explain_text": "",
      "reset_analysis": "no termination observed in capture",
      "simulated_pool": "",
      "simulated_node": "",
      "simulated_response_committed": false,
      "simulated_logs": [],
      "simulated_decisions": [],
      "simulation_error": ""
    },
    {
      "session": {
        "front": {
          "client": {
            "src_ip": "93.184.216.34",
            "src_port": 80,
            "dst_ip": "8.8.8.8",
            "dst_port": 40000,
            "proto": "tcp",
            "packets": 1,
            "bytes": 108,
            "tcp_syn": false,
            "tcp_synack": false,
            "tcp_fin": false,
            "tcp_rst": false,
            "tcp_rst_count": 0,
            "tcp_rst_after_bytes": 0,
            "tls_clienthello": false,
            "tls_sni": "",
            "tls_version": "",
            "tls_chosen_version": "",
            "tls_chosen_cipher": "",
            "tls_alpn": "",
            "tls_alert_seen": false,
            "tls_alert_desc": "",
            "http_method": "",
            "http_host": "",
            "http_uri": "",
            "http_response_seen": false,
            "http_path": "",
            "http_query": "",
            "http_request_version": "",
            "http_user_agent": "",
            "http_cookie": "",
            "http_referer": "",
            "http_request_content_type": "",
            "http_request_content_length": "",
            "http_request_headers": {},
            "http_response_code": "",
            "http_response_phrase": "",
            "http_response_content_type": "",
            "http_response_content_length": "",
            "http_response_headers": {},
            "tls_cert_subject": "",
            "tls_cert_issuer": "",
            "tls_supported_groups": "",
            "tls_signature_algos": "",
            "f5_reset_causes": [],
            "peer_remote_ip": "8.8.8.8",
            "peer_remote_port": 80,
            "peer_local_ip": "1.1.1.1",
            "peer_local_port": 40000
          },
          "server": null
        },
        "back": null
      },
      "matched_vs": "",
      "partition": "",
      "profile_chain": [],
      "pool_selected": "",
      "snat_observed": "",
      "event_sequence": [],
      "event_blocks": [],
      "event_annotations": [],
      "ltm_policies": [],
      "policy_decisions": [],
      "apm_profile": "",
      "gtm_wide_ips": [],
      "explain_text": "",
      "reset_analysis": "no termination observed in capture",
      "simulated_pool": "",
      "simulated_node": "",
      "simulated_response_committed": false,
      "simulated_logs": [],
      "simulated_decisions": [],
      "simulation_error": ""
    }
  ]
}
