Mar 14 06:54:28 t1-b.example.test info mcpd[5525]: 01071db9:6: Boot complete on t1-b.example.test
Mar 14 07:01:16 t1-b.example.test info mcpd[5525]: 01071a08:6: Configuration loaded from /config/bigip.conf successfully.
Mar 14 07:23:21 t1-b.example.test info mcpd[5525]: 01340039:6: Device t1-b entered Standby state for /Common/t1-failover.
Mar 14 07:45:48 t1-b.example.test info logger[32830]: 01070417:6: AUDIT - jadmin - tmsh - tmsh -c modify ltm virtual /Common/t1_ingress_vs description "managed by netops"
Mar 14 08:19:55 t1-b.example.test warning bigd[2840]: 01340011:4: Pool /Common/t2_fanout_pool member /Common/t2_c01_vip:443 monitor status down.
Mar 14 09:03:55 t1-b.example.test info bigd[2840]: 01340012:6: Pool /Common/t2_fanout_pool member /Common/t2_c01_vip:443 monitor status up.
Mar 14 09:55:01 t1-b.example.test warning bigd[2840]: 01340011:4: Pool /Common/t2_fanout_pool member /Common/t2_c02_vip:443 monitor status down.
Mar 14 10:17:48 t1-b.example.test info bigd[2840]: 01340012:6: Pool /Common/t2_fanout_pool member /Common/t2_c02_vip:443 monitor status up.
Mar 14 10:37:53 t1-b.example.test warning bigd[2840]: 01340011:4: Pool /Common/t2_fanout_pool member /Common/t2_c03_vip:443 monitor status down.
Mar 14 10:56:35 t1-b.example.test info bigd[2840]: 01340012:6: Pool /Common/t2_fanout_pool member /Common/t2_c03_vip:443 monitor status up.
Mar 14 11:27:53 t1-b.example.test warning bigd[2840]: 01340011:4: Pool /Common/t2_fanout_pool member /Common/t2_c04_vip:443 monitor status down.
Mar 14 13:28:50 t1-b.example.test info bigd[2840]: 01340012:6: Pool /Common/t2_fanout_pool member /Common/t2_c04_vip:443 monitor status up.
Mar 14 14:39:53 t1-b.example.test warning bigd[2840]: 01340011:4: Pool /Common/t2_fanout_pool member /Common/t2_c05_vip:443 monitor status down.
Mar 14 14:46:29 t1-b.example.test info bigd[2840]: 01340012:6: Pool /Common/t2_fanout_pool member /Common/t2_c05_vip:443 monitor status up.
Mar 14 14:50:10 t1-b.example.test warning bigd[2840]: 01340011:4: Pool /Common/t2_fanout_pool member /Common/t2_c06_vip:443 monitor status down.
Mar 14 15:33:15 t1-b.example.test info bigd[2840]: 01340012:6: Pool /Common/t2_fanout_pool member /Common/t2_c06_vip:443 monitor status up.
Mar 14 15:40:53 t1-b.example.test warning bigd[2840]: 01340011:4: Pool /Common/t2_fanout_pool member /Common/t2_c07_vip:443 monitor status down.
Mar 14 15:49:05 t1-b.example.test info bigd[2840]: 01340012:6: Pool /Common/t2_fanout_pool member /Common/t2_c07_vip:443 monitor status up.
Mar 14 16:17:49 t1-b.example.test warning bigd[2840]: 01340011:4: Pool /Common/t2_fanout_pool member /Common/t2_c08_vip:443 monitor status down.
Mar 14 16:27:26 t1-b.example.test info bigd[2840]: 01340012:6: Pool /Common/t2_fanout_pool member /Common/t2_c08_vip:443 monitor status up.
Mar 14 16:30:43 t1-b.example.test warning bigd[2840]: 01340011:4: Pool /Common/t2_fanout_pool member /Common/t2_c09_vip:443 monitor status down.
Mar 14 16:49:54 t1-b.example.test info bigd[2840]: 01340012:6: Pool /Common/t2_fanout_pool member /Common/t2_c09_vip:443 monitor status up.
Mar 14 17:24:33 t1-b.example.test warning bigd[2840]: 01340011:4: Pool /Common/t2_fanout_pool member /Common/t2_c10_vip:443 monitor status down.
Mar 14 17:53:04 t1-b.example.test info bigd[2840]: 01340012:6: Pool /Common/t2_fanout_pool member /Common/t2_c10_vip:443 monitor status up.
Mar 14 18:05:34 t1-b.example.test warning bigd[2840]: 01340011:4: Pool /Common/t2_fanout_pool member /Common/t2_c11_vip:443 monitor status down.
Mar 14 18:16:51 t1-b.example.test info bigd[2840]: 01340012:6: Pool /Common/t2_fanout_pool member /Common/t2_c11_vip:443 monitor status up.
Mar 14 19:00:35 t1-b.example.test warning bigd[2840]: 01340011:4: Pool /Common/t2_fanout_pool member /Common/t2_c12_vip:443 monitor status down.
Mar 14 19:43:31 t1-b.example.test info bigd[2840]: 01340012:6: Pool /Common/t2_fanout_pool member /Common/t2_c12_vip:443 monitor status up.
Mar 14 20:03:03 t1-b.example.test notice tmm[11999]: 01230140:5: Connection limit approached on /Common/t1_ingress_vs.
Mar 14 20:16:49 t1-b.example.test warning tmm[11999]: 01260009:4: SSL handshake failed for client 198.51.100.7 on /Common/t1_ingress_vs.
Mar 14 20:24:27 t1-b.example.test err tmm[11999]: 01010013:3: monitor /Common/tcp failing for /Common/t2_c01_vip:443 (pool /Common/t2_fanout_pool).
Mar 14 20:29:00 t1-b.example.test err tmm[11999]: 01010013:3: monitor /Common/tcp failing for /Common/t2_c02_vip:443 (pool /Common/t2_fanout_pool).
Mar 14 21:09:59 t1-b.example.test info logger[32830]: 01071be3:6: AUDIT - jadmin - tmsh - tmsh -c save sys config
Mar 14 21:58:49 t1-b.example.test info mcpd[5525]: 01071681:6: Configuration saved to /config/bigip.conf.
