{
  "equal": false,
  "dialect": "tcl8.6",
  "layers": {
    "ast": {
      "equal": false,
      "diff": [
        "--- ast:diff-left.tcl",
        "+++ ast:diff-right.tcl",
        "@@ -2,8 +2,10 @@",
        "   \"commands\": [",
        "     {",
        "       \"args\": [",
        "-        \"length\",",
        "-        \"foo\"",
        "+        \"range\",",
        "+        \"foo\",",
        "+        \"0\",",
        "+        \"1\"",
        "       ],",
        "       \"expandWord\": [],",
        "       \"isPartial\": false,",
        "@@ -11,14 +13,14 @@",
        "       \"partialDelimiter\": \"\",",
        "       \"precedingComment\": \"\",",
        "       \"range\": {",
        "-        \"endCol\": 17,",
        "+        \"endCol\": 20,",
        "         \"endLine\": 0,",
        "-        \"endOffset\": 17,",
        "+        \"endOffset\": 20,",
        "         \"startCol\": 0,",
        "         \"startLine\": 0,",
        "         \"startOffset\": 0",
        "       },",
        "-      \"subcommand\": \"length\"",
        "+      \"subcommand\": \"range\"",
        "     },",
        "     {",
        "       \"args\": [",
        "@@ -34,16 +36,16 @@",
        "       \"range\": {",
        "         \"endCol\": 13,",
        "         \"endLine\": 1,",
        "-        \"endOffset\": 31,",
        "+        \"endOffset\": 34,",
        "         \"startCol\": 0,",
        "         \"startLine\": 1,",
        "-        \"startOffset\": 18",
        "+        \"startOffset\": 21",
        "       },",
        "       \"subcommand\": \"get\"",
        "     },",
        "     {",
        "       \"args\": [",
        "-        \"hi\"",
        "+        \"bye\"",
        "       ],",
        "       \"expandWord\": [],",
        "       \"isPartial\": false,",
        "@@ -51,12 +53,12 @@",
        "       \"partialDelimiter\": \"\",",
        "       \"precedingComment\": \"\",",
        "       \"range\": {",
        "-        \"endCol\": 7,",
        "+        \"endCol\": 8,",
        "         \"endLine\": 2,",
        "-        \"endOffset\": 39,",
        "+        \"endOffset\": 43,",
        "         \"startCol\": 0,",
        "         \"startLine\": 2,",
        "-        \"startOffset\": 32",
        "+        \"startOffset\": 35",
        "       },",
        "       \"subcommand\": \"\"",
        "     }"
      ],
      "diffLineCount": 69
    }
  },
  "leftInput": "diff-left.tcl",
  "rightInput": "diff-right.tcl",
  "leftDocuments": [
    "__FIXTURES__/diff-left.tcl"
  ],
  "rightDocuments": [
    "__FIXTURES__/diff-right.tcl"
  ]
}
