{
  "count": 2,
  "dialect": "f5-irules",
  "issues": [
    {
      "code": "IRULE2001",
      "line": 2,
      "column": 10,
      "message": "'matchclass' is deprecated since BIG-IP v10. Use 'class match <item> <operator> <class>' instead.",
      "conversion": "Deprecated matchclass -> class match"
    },
    {
      "code": "IRULE5001",
      "line": 3,
      "column": 9,
      "message": "'log' in HTTP_REQUEST fires on every request. Set a debug flag in CLIENT_ACCEPTED (e.g. set debug 0) and gate with if {$debug} {...}.",
      "conversion": "Ungated log in hot event -> add debug gating"
    }
  ]
}
