digraph bigip {
  rankdir=LR;
  node [shape=box, fontname="monospace"];
  n_test___config_0_22_ltm_node__Common_web1 [label="ltm_node\n/Common/web1"];
  n_test___config_3_22_ltm_node__Common_web2 [label="ltm_node\n/Common/web2"];
  n_test___config_6_34_ltm_monitor_http__Common_http_mon [label="ltm_monitor_http\n/Common/http_mon"];
  n_test___config_9_26_ltm_pool__Common_web_pool [label="ltm_pool\n/Common/web_pool"];
  n_test___config_16_27_ltm_virtual__Common_web_vs [label="ltm_virtual\n/Common/web_vs"];
  n_test___config_9_26_ltm_pool__Common_web_pool -> n_test___config_6_34_ltm_monitor_http__Common_http_mon [label="ltm_monitor_http"];
  n_test___config_9_26_ltm_pool__Common_web_pool -> n_test___config_6_34_ltm_monitor_http__Common_http_mon [label="ltm_monitor_http"];
  n_test___config_9_26_ltm_pool__Common_web_pool -> n_test___config_0_22_ltm_node__Common_web1 [label="ltm_node"];
  n_test___config_9_26_ltm_pool__Common_web_pool -> n_test___config_3_22_ltm_node__Common_web2 [label="ltm_node"];
  n_test___config_9_26_ltm_pool__Common_web_pool -> n_test___config_0_22_ltm_node__Common_web1 [label="ltm_node"];
  n_test___config_9_26_ltm_pool__Common_web_pool -> n_test___config_3_22_ltm_node__Common_web2 [label="ltm_node"];
  n_test___config_16_27_ltm_virtual__Common_web_vs -> n_test___config_9_26_ltm_pool__Common_web_pool [label="ltm_pool"];
  n_test___config_16_27_ltm_virtual__Common_web_vs -> n_test___config_9_26_ltm_pool__Common_web_pool [label="ltm_pool"];
}
