--- __FIXTURES__/bigip.conf
+++ __FIXTURES__/bigip.conf (modified)
@@ -67,10 +67,10 @@
 ltm pool /Common/web_pool {
     members {
         /Common/web1:80 {
-            address 10.0.1.10
+            address 10.9.9.9
         }
         /Common/web2:80 {
-            address 10.0.1.11
+            address 10.9.9.9
         }
     }
     monitor /Common/my_http_monitor
