--- __FIXTURES__/bigip.conf
+++ __FIXTURES__/bigip.conf (modified)
@@ -189,7 +189,7 @@
 }
 
 ltm virtual /Common/www_vs {
-    destination /Common/10.0.0.1:443
+    destination /Common/10.0.0.1:0
     pool /Common/web_pool
     profiles {
         /Common/my_http_profile {
@@ -223,7 +223,7 @@
 }
 
 ltm virtual /Common/api_vs {
-    destination /Common/10.0.0.2:443
+    destination /Common/10.0.0.2:0
     pool /Common/api_pool
     profiles {
         /Common/my_http_profile { }
@@ -236,7 +236,7 @@
 }
 
 ltm virtual /Common/ssl_only_vs {
-    destination /Common/10.0.0.3:443
+    destination /Common/10.0.0.3:0
     pool /Common/web_pool
     profiles {
         /Common/my_tcp_profile { }
@@ -249,7 +249,7 @@
 }
 
 ltm virtual /Common/bad_vs {
-    destination /Common/10.0.0.4:80
+    destination /Common/10.0.0.4:0
     pool /Common/nonexistent_pool
     profiles {
         /Common/my_tcp_profile { }
