# Redact test fixture: public IPv4/IPv6, secrets, and a PEM block.

ltm node /Common/edge1 {
    address 10.0.0.34
}

ltm node /Common/edge2 {
    address 10.0.0.35
}

ltm node /Common/dns1 {
    address 10.0.2.8
}

ltm node /Common/dns2 {
    address 10.0.3.1
}

ltm node /Common/v6host {
    address fd00::8888
}

ltm node /Common/internal {
    address 10.0.4.10
}

ltm pool /Common/edge_pool {
    members {
        /Common/edge1:443 {
            address 10.0.0.34
        }
        /Common/edge2:443 {
            address 10.0.0.35
        }
    }
}

ltm monitor http /Common/mon {
    recv "200 OK"
    password <REDACTED>
}

ltm profile client-ssl /Common/csl {
    passphrase <REDACTED>
    cert-key-chain {
        default {
            key "-----BEGIN RSA PRIVATE KEY-----<REDACTED>-----END RSA PRIVATE KEY-----"
        }
    }
}

sys snmp {
    communities {
        comm1 {
            community <REDACTED>
        }
    }
}

ltm virtual /Common/vs1 {
    destination /Common/10.0.0.34:443
    pool /Common/edge_pool
}
